// Jest Snapshot v1, https://goo.gl/fbAQLP

exports[`Should match the expense list item 1`] = `
<div>
  <div>
    <Link
      replace={false}
      to="/edit/2"
    >
      <h3>
        Rent
      </h3>
    </Link>
    <p>
      $0.12
      -
      28 December 1969
    </p>
  </div>
</div>
`;
