// Jest Snapshot v1, https://goo.gl/fbAQLP

exports[`Should render the loading page 1`] = `
<div
  className="loader"
>
  <img
    class="loader__image"
    src="/img/loader.gif"
  />
</div>
`;
