// Jest Snapshot v1, https://goo.gl/fbAQLP

exports[`Should display the not found page componenet 1`] = `
<div>
  404! - 
  <Link
    replace={false}
    to="/"
  >
    Go Home
  </Link>
</div>
`;
